<details> <summary> <b>openwrt-daede new commit log :rocket: </b> </summary>

#### [:mega: Full Changelog. ](https://github.com/kenzok8/openwrt-daede/compare/051b25455428921512f0eac67772f2a01af317b3...82b2165e5ee119f309b3bfd649c73e9b791064ed)  
:heavy_exclamation_mark: The list displays only the latest 15 commit logs.  

SHA|Author|Date|Message
-|-|-|-
82b2165|kenzok8|Thu Oct 1 01:09:27 2026 +0800|Fix editor overlay scrollbar track mismatch on mobile
838153f|kenzok8|Wed Sep 30 23:31:13 2026 +0800|Fix editor overlay baseline gap
c2b1d6a|kenzok8|Wed Sep 30 21:32:11 2026 +0800|Fix editor overlay scrollbar misalignment
0b0e5d6|kenzok8|Fri Sep 25 23:38:46 2026 +0800|Fix daed log filters and netns status
1294041|kenzok8|Fri Sep 25 15:37:20 2026 +0800|Use geo assets during dae validation
9f1350f|kenzok8|Fri Sep 25 15:30:34 2026 +0800|Route googleapis.cn through proxy by default
678b55b|github-actions[bot]|Thu Sep 24 14:06:17 2026 +0000|Assemble daed source
2cbdb8b|kenzok8|Thu Sep 24 21:59:26 2026 +0800|Keep daed setup state across login
55efabf|kenzok8|Thu Sep 24 21:43:55 2026 +0800|Handle pending CI conclusions
2e04c1c|kenzok8|Thu Sep 24 21:28:58 2026 +0800|Isolate upstream audit credentials
492e4f1|kenzok8|Thu Sep 24 21:19:31 2026 +0800|Show pending updates in Actions
3eb1b70|kenzok8|Thu Sep 24 21:17:51 2026 +0800|Guard upstream sync before SDK matrix
df9b476|kenzok8|Wed Sep 23 21:29:13 2026 +0800|Restore daed config marshaller API
b3b2994|kenzok8|Wed Sep 23 21:15:11 2026 +0800|Fix dae-wing package build
91fa0c7|kenzok8|Tue Sep 22 11:23:26 2026 +0800|Fix dae debug log controls


</details>
