<details> <summary> <b>lede new commit log :rocket: </b> </summary>

#### [:mega: Full Changelog. ](https://github.com/coolsnowwolf/lede/compare/cfc4a0d25a6440270deb028feece921e382ee5d7...f9afd0ed6f92fc44356de13d3f56e0751ede6367)  
:heavy_exclamation_mark: The list displays only the latest 15 commit logs.  

SHA|Author|Date|Message
-|-|-|-
f9afd0ed6|coolsnowwolf|Wed Oct 7 03:52:35 2026 +0800|kernel: fix nft flow offload with unknown forward paths
88f08888b|coolsnowwolf|Mon Oct 5 21:49:42 2026 +0800|mvebu: scope IEI MCU sources to Linux 6.18
7fc382c1e|coolsnowwolf|Mon Oct 5 10:41:17 2026 +0800|rockchip: fix NanoPi R28S PCIe Ethernet
c312460dc|coolsnowwolf|Sun Oct 4 23:33:56 2026 +0800|kernel: update supported versions to latest releases
e4af66468|coolsnowwolf|Sat Oct 3 15:16:49 2026 +0800|firewall4: port LAN WSD discovery notrack rules
ce6672616|coolsnowwolf|Sat Oct 3 13:14:48 2026 +0800|kernel: reserve Broadcom fullcone ports early on Linux 6.12
d79e6d17c|coolsnowwolf|Sat Oct 3 13:10:05 2026 +0800|kernel: reserve Broadcom fullcone ports early on Linux 6.6
93300eab0|coolsnowwolf|Sat Oct 3 13:06:14 2026 +0800|kernel: reserve Broadcom fullcone ports early on Linux 6.1
14a864b8c|coolsnowwolf|Sat Oct 3 13:01:18 2026 +0800|kernel: reserve Broadcom fullcone ports early on Linux 5.15
b6de0ba12|coolsnowwolf|Sat Oct 3 12:58:00 2026 +0800|kernel: reserve Broadcom fullcone ports early on Linux 5.10
a9960d888|coolsnowwolf|Sat Oct 3 12:54:30 2026 +0800|kernel: reserve Broadcom fullcone ports early on Linux 5.4
64315ff7b|coolsnowwolf|Sat Oct 3 12:05:59 2026 +0800|kernel: align nft Broadcom fullcone mode 2 on Linux 6.12
e5e070330|coolsnowwolf|Sat Oct 3 12:02:52 2026 +0800|kernel: align nft Broadcom fullcone mode 2 on Linux 6.6
25afec95c|coolsnowwolf|Sat Oct 3 12:00:01 2026 +0800|kernel: fix nft Broadcom fullcone mode 2 on Linux 6.1
36fa0fca3|coolsnowwolf|Sat Oct 3 11:57:18 2026 +0800|kernel: fix nft Broadcom fullcone mode 2 on Linux 5.15


</details>
